OpenJDK 64-Bit Server VM (25.452-b09) for linux-amd64 JRE (1.8.0_452-b09), built on May 29 2025 07:00:55 by "buildozer" with gcc 14.2.0
Memory: 4k page, physical 49248904k(45079052k free), swap 12582912k(12582912k free)
CommandLine flags: -XX:+CMSClassUnloadingEnabled -XX:CMSInitiatingOccupancyFraction=70 -XX:+CMSParallelRemarkEnabled -XX:GCLogFileSize=104857600 -XX:InitialHeapSize=1073741824 -XX:MaxHeapSize=1073741824 -XX:MaxNewSize=536870912 -XX:NewSize=536870912 -XX:NumberOfGCLogFiles=10 -XX:OldPLABSize=16 -XX:+PrintGC -XX:+PrintGCDateStamps -XX:+PrintGCDetails -XX:+PrintGCTimeStamps -XX:SoftRefLRUPolicyMSPerMB=0 -XX:SurvivorRatio=8 -XX:+UseCMSCompactAtFullCollection -XX:+UseCompressedClassPointers -XX:+UseCompressedOops -XX:+UseConcMarkSweepGC -XX:+UseGCLogFileRotation -XX:+UseParNewGC 
2025-11-29T02:35:59.509+0000: 2.665: [GC (Allocation Failure) 2025-11-29T02:35:59.509+0000: 2.666: [ParNew: 419456K->6398K(471872K), 0.0123703 secs] 419456K->6398K(996160K), 0.0133878 secs] [Times: user=0.02 sys=0.17, real=0.01 secs] 
2025-11-29T02:36:00.834+0000: 3.990: [GC (Allocation Failure) 2025-11-29T02:36:00.834+0000: 3.991: [ParNew: 425854K->18475K(471872K), 0.0122451 secs] 425854K->18475K(996160K), 0.0130232 secs] [Times: user=0.14 sys=0.02, real=0.01 secs] 
2025-11-29T02:36:00.848+0000: 4.004: [GC (CMS Initial Mark) [1 CMS-initial-mark: 0K(524288K)] 24776K(996160K), 0.0032024 secs] [Times: user=0.03 sys=0.00, real=0.00 secs] 
2025-11-29T02:36:00.852+0000: 4.008: [CMS-concurrent-mark-start]
2025-11-29T02:36:00.852+0000: 4.009: [CMS-concurrent-mark: 0.000/0.000 secs] [Times: user=0.00 sys=0.00, real=0.00 secs] 
2025-11-29T02:36:00.852+0000: 4.009: [CMS-concurrent-preclean-start]
2025-11-29T02:36:00.853+0000: 4.010: [CMS-concurrent-preclean: 0.001/0.001 secs] [Times: user=0.00 sys=0.00, real=0.00 secs] 
2025-11-29T02:36:00.854+0000: 4.010: [CMS-concurrent-abortable-preclean-start]
2025-11-29T02:36:01.401+0000: 4.558: [CMS-concurrent-abortable-preclean: 0.352/0.548 secs] [Times: user=3.54 sys=0.26, real=0.54 secs] 
2025-11-29T02:36:01.402+0000: 4.559: [GC (CMS Final Remark) [YG occupancy: 260511 K (471872 K)]2025-11-29T02:36:01.403+0000: 4.559: [Rescan (parallel) , 0.0110291 secs]2025-11-29T02:36:01.414+0000: 4.570: [weak refs processing, 0.0002939 secs]2025-11-29T02:36:01.414+0000: 4.571: [class unloading, 0.0051435 secs]2025-11-29T02:36:01.420+0000: 4.576: [scrub symbol table, 0.0037230 secs]2025-11-29T02:36:01.424+0000: 4.580: [scrub string table, 0.0005378 secs][1 CMS-remark: 0K(524288K)] 260511K(996160K), 0.0234145 secs] [Times: user=0.21 sys=0.02, real=0.03 secs] 
2025-11-29T02:36:01.426+0000: 4.583: [CMS-concurrent-sweep-start]
2025-11-29T02:36:01.426+0000: 4.583: [CMS-concurrent-sweep: 0.000/0.000 secs] [Times: user=0.00 sys=0.00, real=0.00 secs] 
2025-11-29T02:36:01.427+0000: 4.583: [CMS-concurrent-reset-start]
2025-11-29T02:36:01.431+0000: 4.587: [CMS-concurrent-reset: 0.004/0.004 secs] [Times: user=0.01 sys=0.00, real=0.00 secs] 
2025-11-29T02:36:01.947+0000: 5.103: [GC (Allocation Failure) 2025-11-29T02:36:01.947+0000: 5.103: [ParNew: 437931K->25325K(471872K), 0.0089094 secs] 437931K->25325K(996160K), 0.0096483 secs] [Times: user=0.11 sys=0.02, real=0.01 secs] 
2025-11-29T02:36:04.104+0000: 7.260: [GC (Allocation Failure) 2025-11-29T02:36:04.104+0000: 7.260: [ParNew: 444781K->36327K(471872K), 0.0124959 secs] 444781K->36327K(996160K), 0.0132678 secs] [Times: user=0.17 sys=0.05, real=0.02 secs] 
2025-11-29T02:36:06.118+0000: 9.274: [GC (CMS Initial Mark) [1 CMS-initial-mark: 0K(524288K)] 327882K(996160K), 0.0113726 secs] [Times: user=0.20 sys=0.00, real=0.01 secs] 
2025-11-29T02:36:06.130+0000: 9.286: [CMS-concurrent-mark-start]
2025-11-29T02:36:06.130+0000: 9.286: [CMS-concurrent-mark: 0.000/0.000 secs] [Times: user=0.00 sys=0.00, real=0.00 secs] 
2025-11-29T02:36:06.130+0000: 9.287: [CMS-concurrent-preclean-start]
2025-11-29T02:36:06.132+0000: 9.288: [CMS-concurrent-preclean: 0.001/0.001 secs] [Times: user=0.01 sys=0.00, real=0.00 secs] 
2025-11-29T02:36:06.132+0000: 9.288: [CMS-concurrent-abortable-preclean-start]
2025-11-29T02:36:07.764+0000: 10.921: [GC (Allocation Failure) 2025-11-29T02:36:07.765+0000: 10.921: [ParNew: 455783K->50574K(471872K), 0.0166517 secs] 455783K->50574K(996160K), 0.0174255 secs] [Times: user=0.28 sys=0.03, real=0.01 secs] 
2025-11-29T02:36:08.736+0000: 11.892: [CMS-concurrent-abortable-preclean: 2.000/2.604 secs] [Times: user=12.23 sys=0.65, real=2.61 secs] 
2025-11-29T02:36:08.736+0000: 11.893: [GC (CMS Final Remark) [YG occupancy: 265596 K (471872 K)]2025-11-29T02:36:08.737+0000: 11.893: [Rescan (parallel) , 0.0116039 secs]2025-11-29T02:36:08.749+0000: 11.905: [weak refs processing, 0.0003128 secs]2025-11-29T02:36:08.749+0000: 11.906: [class unloading, 0.0108433 secs]2025-11-29T02:36:08.760+0000: 11.917: [scrub symbol table, 0.0139593 secs]2025-11-29T02:36:08.775+0000: 11.931: [scrub string table, 0.0009516 secs][1 CMS-remark: 0K(524288K)] 265596K(996160K), 0.0417975 secs] [Times: user=0.33 sys=0.00, real=0.04 secs] 
2025-11-29T02:36:08.779+0000: 11.935: [CMS-concurrent-sweep-start]
2025-11-29T02:36:08.779+0000: 11.935: [CMS-concurrent-sweep: 0.000/0.000 secs] [Times: user=0.00 sys=0.00, real=0.00 secs] 
2025-11-29T02:36:08.779+0000: 11.936: [CMS-concurrent-reset-start]
2025-11-29T02:36:08.780+0000: 11.936: [CMS-concurrent-reset: 0.001/0.001 secs] [Times: user=0.01 sys=0.00, real=0.00 secs] 
2025-11-29T02:36:09.690+0000: 12.847: [GC (Allocation Failure) 2025-11-29T02:36:09.691+0000: 12.847: [ParNew: 470030K->52416K(471872K), 0.0819100 secs] 470030K->70440K(996160K), 0.0827421 secs] [Times: user=0.41 sys=0.09, real=0.08 secs] 
2025-11-29T02:36:12.936+0000: 14.608: [GC (Allocation Failure) 2025-11-29T02:36:12.936+0000: 14.608: [ParNew: 471872K->49836K(471872K), 0.0383314 secs] 489896K->89437K(996160K), 0.0392786 secs] [Times: user=0.52 sys=0.04, real=0.04 secs] 
2025-11-29T03:07:06.949+0000: 1780.354: [GC (Allocation Failure) 2025-11-29T03:07:06.949+0000: 1780.355: [ParNew: 469292K->48294K(471872K), 0.0270417 secs] 508893K->106239K(996160K), 0.0282150 secs] [Times: user=0.22 sys=0.00, real=0.03 secs] 
2025-11-29T04:06:27.904+0000: 5160.444: [GC (Allocation Failure) 2025-11-29T04:06:27.905+0000: 5160.445: [ParNew: 467750K->33188K(471872K), 0.0348303 secs] 525695K->126445K(996160K), 0.0359488 secs] [Times: user=0.12 sys=0.03, real=0.04 secs] 
2025-11-29T05:22:23.340+0000: 9467.153: [GC (Allocation Failure) 2025-11-29T05:22:23.341+0000: 9467.153: [ParNew: 452644K->25747K(471872K), 0.0059988 secs] 545901K->119004K(996160K), 0.0072069 secs] [Times: user=0.04 sys=0.01, real=0.01 secs] 
